[    5456ms] [INFO] %cDownload the React DevTools for a better development experience: https://react.dev/link/react-devtools font-weight:bold @ http://localhost:5173/node_modules/.vite/deps/react-dom_client.js?v=11c6a54c:20100
[    5564ms] [WARNING] Please ensure that the container has a non-static position, like 'relative', 'fixed', or 'absolute' to ensure scroll offset is calculated correctly. @ http://localhost:5173/node_modules/.vite/deps/framer-motion.js?v=d207d2f7:693
[    5594ms] [ERROR] Failed to load resource: the server responded with a status of 404 (Not Found) @ http://localhost:5173/favicon.ico:0
[   37454ms] [INFO] %cDownload the React DevTools for a better development experience: https://react.dev/link/react-devtools font-weight:bold @ http://localhost:5173/node_modules/.vite/deps/react-dom_client.js?v=11c6a54c:20100
[   37494ms] [WARNING] Please ensure that the container has a non-static position, like 'relative', 'fixed', or 'absolute' to ensure scroll offset is calculated correctly. @ http://localhost:5173/node_modules/.vite/deps/framer-motion.js?v=d207d2f7:693
[   45492ms] [INFO] %cDownload the React DevTools for a better development experience: https://react.dev/link/react-devtools font-weight:bold @ http://localhost:5173/node_modules/.vite/deps/react-dom_client.js?v=11c6a54c:20100
[   45526ms] [WARNING] Please ensure that the container has a non-static position, like 'relative', 'fixed', or 'absolute' to ensure scroll offset is calculated correctly. @ http://localhost:5173/node_modules/.vite/deps/framer-motion.js?v=d207d2f7:693
[   50503ms] [INFO] %cDownload the React DevTools for a better development experience: https://react.dev/link/react-devtools font-weight:bold @ http://localhost:5173/node_modules/.vite/deps/react-dom_client.js?v=11c6a54c:20100
[   50538ms] [WARNING] Please ensure that the container has a non-static position, like 'relative', 'fixed', or 'absolute' to ensure scroll offset is calculated correctly. @ http://localhost:5173/node_modules/.vite/deps/framer-motion.js?v=d207d2f7:693
[   50652ms] [INFO] %cDownload the React DevTools for a better development experience: https://react.dev/link/react-devtools font-weight:bold @ http://localhost:5173/node_modules/.vite/deps/react-dom_client.js?v=11c6a54c:20100
[   50686ms] [WARNING] Please ensure that the container has a non-static position, like 'relative', 'fixed', or 'absolute' to ensure scroll offset is calculated correctly. @ http://localhost:5173/node_modules/.vite/deps/framer-motion.js?v=d207d2f7:693
[  171559ms] NotFoundError: Failed to execute 'removeChild' on 'Node': The node to be removed is not a child of this node.
    at removeChild (http://localhost:5173/node_modules/.vite/deps/react-dom_client.js?v=11c6a54c:15916:24)
    at runWithFiberInDEV (http://localhost:5173/node_modules/.vite/deps/react-dom_client.js?v=11c6a54c:995:72)
    at commitDeletionEffectsOnFiber (http://localhost:5173/node_modules/.vite/deps/react-dom_client.js?v=11c6a54c:10188:19)
    at recursivelyTraverseMutationEffects (http://localhost:5173/node_modules/.vite/deps/react-dom_client.js?v=11c6a54c:10377:13)
    at commitMutationEffectsOnFiber (http://localhost:5173/node_modules/.vite/deps/react-dom_client.js?v=11c6a54c:10545:13)
    at recursivelyTraverseMutationEffects (http://localhost:5173/node_modules/.vite/deps/react-dom_client.js?v=11c6a54c:10394:13)
    at commitMutationEffectsOnFiber (http://localhost:5173/node_modules/.vite/deps/react-dom_client.js?v=11c6a54c:10545:13)
    at recursivelyTraverseMutationEffects (http://localhost:5173/node_modules/.vite/deps/react-dom_client.js?v=11c6a54c:10394:13)
    at commitMutationEffectsOnFiber (http://localhost:5173/node_modules/.vite/deps/react-dom_client.js?v=11c6a54c:10744:13)
    at recursivelyTraverseMutationEffects (http://localhost:5173/node_modules/.vite/deps/react-dom_client.js?v=11c6a54c:10394:13)
[  171559ms] [WARNING] %s

%s
 An error occurred in the <span> component. Consider adding an error boundary to your tree to customize error handling behavior.
Visit https://react.dev/link/error-boundaries to learn more about error boundaries. @ http://localhost:5173/node_modules/.vite/deps/react-dom_client.js?v=11c6a54c:6963
[  185320ms] [INFO] %cDownload the React DevTools for a better development experience: https://react.dev/link/react-devtools font-weight:bold @ http://localhost:5173/node_modules/.vite/deps/react-dom_client.js?v=11c6a54c:20100
[  185360ms] [WARNING] Please ensure that the container has a non-static position, like 'relative', 'fixed', or 'absolute' to ensure scroll offset is calculated correctly. @ http://localhost:5173/node_modules/.vite/deps/framer-motion.js?v=d207d2f7:693
